0 failed. 
